../Core/Src/main.c:106:5:main	32	static
../Core/Src/main.c:216:6:SystemClock_Config	104	static
../Core/Src/main.c:262:13:MX_I2C1_Init	8	static
../Core/Src/main.c:310:13:MX_USART2_UART_Init	8	static
../Core/Src/main.c:343:13:MX_DMA_Init	16	static
../Core/Src/main.c:361:13:MX_GPIO_Init	56	static
../Core/Src/main.c:390:6:pause_sec	24	static
../Core/Src/main.c:405:9:decToBcd	32	static
../Core/Src/main.c:426:5:bcdToDec	32	static
../Core/Src/main.c:446:6:setTime	48	static
../Core/Src/main.c:473:6:getTime	32	static
../Core/Src/main.c:500:5:epochFromTime	32	static
../Core/Src/main.c:564:6:Error_Handler	8	static,ignoring_inline_asm
